
> gmgp-clone@0.1.0 build
> next build

   Γû▓ Next.js 15.3.1
   - Environments: .env.local

   Creating an optimized production build ...
node.exe : Failed 
to compile.
At line:1 char:1
+ & 
"D:\node/node.exe" "
D:\node/node_modules
/npm/bin/npm-cli.js"
 run bu ...
+ ~~~~~~~~~~~~~~~~~~
~~~~~~~~~~~~~~~~~~~~
~~~~~~~~~~~~~~~~~~~~
~~~~~~~~~~~
    + CategoryInfo  
            : NotS  
  pecified: (Fail   
 ed to compile.:    
String) [], Rem    
oteException
    + FullyQualifie 
   dErrorId : Nati  
  veCommandError
 

./src/app/admin/page
.tsx
Module not found: 
Can't resolve 
'@/lib/products'

https://nextjs.org/d
ocs/messages/module-
not-found

./src/app/admin/prod
ucts/page.tsx
Module not found: 
Can't resolve 
'@/lib/products'

https://nextjs.org/d
ocs/messages/module-
not-found

./src/app/login/page
.tsx
Module not found: 
Can't resolve 
'@/lib/supabase'

https://nextjs.org/d
ocs/messages/module-
not-found

./src/app/products/[
slug]/page.tsx
Module not found: 
Can't resolve 
'@/lib/products'

https://nextjs.org/d
ocs/messages/module-
not-found

./src/app/products/[
slug]/page.tsx
Module not found: 
Can't resolve 
'@/store/cartStore'

https://nextjs.org/d
ocs/messages/module-
not-found


> Build failed 
because of webpack 
errors
