scripts/test-supabase.ts(2,25): error TS2307: Cannot find module 'dotenv' or its corresponding type declarations.
